2026-01-11T15:03:15.6036252Z Current runner version: '2.330.0'
2026-01-11T15:03:15.6060865Z ##[group]Runner Image Provisioner
2026-01-11T15:03:15.6061668Z Hosted Compute Agent
2026-01-11T15:03:15.6062193Z Version: 20251211.462
2026-01-11T15:03:15.6062956Z Commit: 6cbad8c2bb55d58165063d031ccabf57e2d2db61
2026-01-11T15:03:15.6063649Z Build Date: 2025-12-11T16:28:49Z
2026-01-11T15:03:15.6064232Z Worker ID: {49bd5067-80b4-4a89-9868-3dfef13141c5}
2026-01-11T15:03:15.6064925Z ##[endgroup]
2026-01-11T15:03:15.6065394Z ##[group]Operating System
2026-01-11T15:03:15.6065945Z Ubuntu
2026-01-11T15:03:15.6066431Z 24.04.3
2026-01-11T15:03:15.6066839Z LTS
2026-01-11T15:03:15.6067293Z ##[endgroup]
2026-01-11T15:03:15.6067760Z ##[group]Runner Image
2026-01-11T15:03:15.6068283Z Image: ubuntu-24.04
2026-01-11T15:03:15.6068748Z Version: 20260105.202.1
2026-01-11T15:03:15.6069672Z Included Software: https://github.com/actions/runner-images/blob/ubuntu24/20260105.202/images/ubuntu/Ubuntu2404-Readme.md
2026-01-11T15:03:15.6071087Z Image Release: https://github.com/actions/runner-images/releases/tag/ubuntu24%2F20260105.202
2026-01-11T15:03:15.6072020Z ##[endgroup]
2026-01-11T15:03:15.6073125Z ##[group]GITHUB_TOKEN Permissions
2026-01-11T15:03:15.6075008Z Contents: read
2026-01-11T15:03:15.6075601Z Metadata: read
2026-01-11T15:03:15.6076052Z Packages: read
2026-01-11T15:03:15.6076543Z ##[endgroup]
2026-01-11T15:03:15.6078593Z Secret source: Actions
2026-01-11T15:03:15.6079200Z Prepare workflow directory
2026-01-11T15:03:15.6459399Z Prepare all required actions
2026-01-11T15:03:15.6498996Z Getting action download info
2026-01-11T15:03:15.9975931Z Download action repository 'actions/checkout@v4' (SHA:34e114876b0b11c390a56381ad16ebd13914f8d5)
2026-01-11T15:03:16.0897905Z Download action repository 'actions/setup-python@v5' (SHA:a26af69be951a213d495a4c3e4e4022e16d87065)
2026-01-11T15:03:16.2395688Z Complete job name: Integration Tests
2026-01-11T15:03:16.2997599Z ##[group]Run actions/checkout@v4
2026-01-11T15:03:16.2998461Z with:
2026-01-11T15:03:16.2998877Z   repository: Essence-ai/NeuronOS
2026-01-11T15:03:16.2999734Z   token: ***
2026-01-11T15:03:16.3000142Z   ssh-strict: true
2026-01-11T15:03:16.3000600Z   ssh-user: git
2026-01-11T15:03:16.3001071Z   persist-credentials: true
2026-01-11T15:03:16.3001553Z   clean: true
2026-01-11T15:03:16.3001991Z   sparse-checkout-cone-mode: true
2026-01-11T15:03:16.3002621Z   fetch-depth: 1
2026-01-11T15:03:16.3003064Z   fetch-tags: false
2026-01-11T15:03:16.3003506Z   show-progress: true
2026-01-11T15:03:16.3004032Z   lfs: false
2026-01-11T15:03:16.3004412Z   submodules: false
2026-01-11T15:03:16.3004874Z   set-safe-directory: true
2026-01-11T15:03:16.3005613Z env:
2026-01-11T15:03:16.3006058Z   PYTHON_VERSION: 3.11
2026-01-11T15:03:16.3006472Z ##[endgroup]
2026-01-11T15:03:16.4062860Z Syncing repository: Essence-ai/NeuronOS
2026-01-11T15:03:16.4065056Z ##[group]Getting Git version info
2026-01-11T15:03:16.4065939Z Working directory is '/home/runner/work/NeuronOS/NeuronOS'
2026-01-11T15:03:16.4067138Z [command]/usr/bin/git version
2026-01-11T15:03:16.4125124Z git version 2.52.0
2026-01-11T15:03:16.4148425Z ##[endgroup]
2026-01-11T15:03:16.4162600Z Temporarily overriding HOME='/home/runner/work/_temp/78586779-a314-4d7b-aaaa-50dfab817571' before making global git config changes
2026-01-11T15:03:16.4163883Z Adding repository directory to the temporary git global config as a safe directory
2026-01-11T15:03:16.4177002Z [command]/usr/bin/git config --global --add safe.directory /home/runner/work/NeuronOS/NeuronOS
2026-01-11T15:03:16.4211645Z Deleting the contents of '/home/runner/work/NeuronOS/NeuronOS'
2026-01-11T15:03:16.4215186Z ##[group]Initializing the repository
2026-01-11T15:03:16.4219214Z [command]/usr/bin/git init /home/runner/work/NeuronOS/NeuronOS
2026-01-11T15:03:16.4308249Z hint: Using 'master' as the name for the initial branch. This default branch name
2026-01-11T15:03:16.4309437Z hint: will change to "main" in Git 3.0. To configure the initial branch name
2026-01-11T15:03:16.4310400Z hint: to use in all of your new repositories, which will suppress this warning,
2026-01-11T15:03:16.4311307Z hint: call:
2026-01-11T15:03:16.4311763Z hint:
2026-01-11T15:03:16.4312476Z hint: 	git config --global init.defaultBranch <name>
2026-01-11T15:03:16.4313372Z hint:
2026-01-11T15:03:16.4314006Z hint: Names commonly chosen instead of 'master' are 'main', 'trunk' and
2026-01-11T15:03:16.4314834Z hint: 'development'. The just-created branch can be renamed via this command:
2026-01-11T15:03:16.4315518Z hint:
2026-01-11T15:03:16.4315923Z hint: 	git branch -m <name>
2026-01-11T15:03:16.4316409Z hint:
2026-01-11T15:03:16.4317183Z hint: Disable this message with "git config set advice.defaultBranchName false"
2026-01-11T15:03:16.4318167Z Initialized empty Git repository in /home/runner/work/NeuronOS/NeuronOS/.git/
2026-01-11T15:03:16.4323102Z [command]/usr/bin/git remote add origin https://github.com/Essence-ai/NeuronOS
2026-01-11T15:03:16.4350784Z ##[endgroup]
2026-01-11T15:03:16.4351555Z ##[group]Disabling automatic garbage collection
2026-01-11T15:03:16.4354548Z [command]/usr/bin/git config --local gc.auto 0
2026-01-11T15:03:16.4377182Z ##[endgroup]
2026-01-11T15:03:16.4377839Z ##[group]Setting up auth
2026-01-11T15:03:16.4383967Z [command]/usr/bin/git config --local --name-only --get-regexp core\.sshCommand
2026-01-11T15:03:16.4407900Z [command]/usr/bin/git submodule foreach --recursive sh -c "git config --local --name-only --get-regexp 'core\.sshCommand' && git config --local --unset-all 'core.sshCommand' || :"
2026-01-11T15:03:16.4689754Z [command]/usr/bin/git config --local --name-only --get-regexp http\.https\:\/\/github\.com\/\.extraheader
2026-01-11T15:03:16.4711687Z [command]/usr/bin/git submodule foreach --recursive sh -c "git config --local --name-only --get-regexp 'http\.https\:\/\/github\.com\/\.extraheader' && git config --local --unset-all 'http.https://github.com/.extraheader' || :"
2026-01-11T15:03:16.4874545Z [command]/usr/bin/git config --local --name-only --get-regexp ^includeIf\.gitdir:
2026-01-11T15:03:16.4897283Z [command]/usr/bin/git submodule foreach --recursive git config --local --show-origin --name-only --get-regexp remote.origin.url
2026-01-11T15:03:16.5075662Z [command]/usr/bin/git config --local http.https://github.com/.extraheader AUTHORIZATION: basic ***
2026-01-11T15:03:16.5103345Z ##[endgroup]
2026-01-11T15:03:16.5104407Z ##[group]Fetching the repository
2026-01-11T15:03:16.5111545Z [command]/usr/bin/git -c protocol.version=2 fetch --no-tags --prune --no-recurse-submodules --depth=1 origin +e8dc1dad258f2b51756d77f17f2e33193093cad6:refs/remotes/origin/main
2026-01-11T15:03:17.2636491Z From https://github.com/Essence-ai/NeuronOS
2026-01-11T15:03:17.2637576Z  * [new ref]         e8dc1dad258f2b51756d77f17f2e33193093cad6 -> origin/main
2026-01-11T15:03:17.2664037Z ##[endgroup]
2026-01-11T15:03:17.2665573Z ##[group]Determining the checkout info
2026-01-11T15:03:17.2667040Z ##[endgroup]
2026-01-11T15:03:17.2786999Z [command]/usr/bin/git sparse-checkout disable
2026-01-11T15:03:17.2790332Z [command]/usr/bin/git config --local --unset-all extensions.worktreeConfig
2026-01-11T15:03:17.2793317Z ##[group]Checking out the ref
2026-01-11T15:03:17.2794725Z [command]/usr/bin/git checkout --progress --force -B main refs/remotes/origin/main
2026-01-11T15:03:17.3200110Z Switched to a new branch 'main'
2026-01-11T15:03:17.3201383Z branch 'main' set up to track 'origin/main'.
2026-01-11T15:03:17.3208305Z ##[endgroup]
2026-01-11T15:03:17.3243168Z [command]/usr/bin/git log -1 --format=%H
2026-01-11T15:03:17.3262166Z e8dc1dad258f2b51756d77f17f2e33193093cad6
2026-01-11T15:03:17.3489737Z ##[group]Run actions/setup-python@v5
2026-01-11T15:03:17.3490335Z with:
2026-01-11T15:03:17.3490736Z   python-version: 3.11
2026-01-11T15:03:17.3491190Z   check-latest: false
2026-01-11T15:03:17.3491784Z   token: ***
2026-01-11T15:03:17.3492212Z   update-environment: true
2026-01-11T15:03:17.3492875Z   allow-prereleases: false
2026-01-11T15:03:17.3493348Z   freethreaded: false
2026-01-11T15:03:17.3493770Z env:
2026-01-11T15:03:17.3494162Z   PYTHON_VERSION: 3.11
2026-01-11T15:03:17.3494786Z ##[endgroup]
2026-01-11T15:03:17.5125383Z ##[group]Installed versions
2026-01-11T15:03:17.5240090Z Successfully set up CPython (3.11.14)
2026-01-11T15:03:17.5242656Z ##[endgroup]
2026-01-11T15:03:17.5378840Z ##[group]Run pip install pytest
2026-01-11T15:03:17.5380267Z [36;1mpip install pytest[0m
2026-01-11T15:03:17.5381517Z [36;1mpip install jinja2[0m
2026-01-11T15:03:17.5421569Z shell: /usr/bin/bash -e {0}
2026-01-11T15:03:17.5422881Z env:
2026-01-11T15:03:17.5423808Z   PYTHON_VERSION: 3.11
2026-01-11T15:03:17.5425168Z   pythonLocation: /opt/hostedtoolcache/Python/3.11.14/x64
2026-01-11T15:03:17.5427144Z   PKG_CONFIG_PATH: /opt/hostedtoolcache/Python/3.11.14/x64/lib/pkgconfig
2026-01-11T15:03:17.5429084Z   Python_ROOT_DIR: /opt/hostedtoolcache/Python/3.11.14/x64
2026-01-11T15:03:17.5430801Z   Python2_ROOT_DIR: /opt/hostedtoolcache/Python/3.11.14/x64
2026-01-11T15:03:17.5432612Z   Python3_ROOT_DIR: /opt/hostedtoolcache/Python/3.11.14/x64
2026-01-11T15:03:17.5434347Z   LD_LIBRARY_PATH: /opt/hostedtoolcache/Python/3.11.14/x64/lib
2026-01-11T15:03:17.5435853Z ##[endgroup]
2026-01-11T15:03:18.3698729Z Collecting pytest
2026-01-11T15:03:18.4817533Z   Downloading pytest-9.0.2-py3-none-any.whl.metadata (7.6 kB)
2026-01-11T15:03:18.5151051Z Collecting iniconfig>=1.0.1 (from pytest)
2026-01-11T15:03:18.5350896Z   Downloading iniconfig-2.3.0-py3-none-any.whl.metadata (2.5 kB)
2026-01-11T15:03:18.5685409Z Collecting packaging>=22 (from pytest)
2026-01-11T15:03:18.5877534Z   Downloading packaging-25.0-py3-none-any.whl.metadata (3.3 kB)
2026-01-11T15:03:18.6169756Z Collecting pluggy<2,>=1.5 (from pytest)
2026-01-11T15:03:18.6362730Z   Downloading pluggy-1.6.0-py3-none-any.whl.metadata (4.8 kB)
2026-01-11T15:03:18.6752868Z Collecting pygments>=2.7.2 (from pytest)
2026-01-11T15:03:18.6942074Z   Downloading pygments-2.19.2-py3-none-any.whl.metadata (2.5 kB)
2026-01-11T15:03:18.7175961Z Downloading pytest-9.0.2-py3-none-any.whl (374 kB)
2026-01-11T15:03:18.7952934Z Downloading pluggy-1.6.0-py3-none-any.whl (20 kB)
2026-01-11T15:03:18.8160038Z Downloading iniconfig-2.3.0-py3-none-any.whl (7.5 kB)
2026-01-11T15:03:18.8373790Z Downloading packaging-25.0-py3-none-any.whl (66 kB)
2026-01-11T15:03:18.8611706Z Downloading pygments-2.19.2-py3-none-any.whl (1.2 MB)
2026-01-11T15:03:18.8929454Z    â”â”â”â”â”â”â”â”â”â”â”â”â”â”â”â”â”â”â”â”â”â”â”â”â”â”â”â”â”â”â”â”â”â”â”â”â”â”â”â” 1.2/1.2 MB 38.7 MB/s  0:00:00
2026-01-11T15:03:18.9173269Z Installing collected packages: pygments, pluggy, packaging, iniconfig, pytest
2026-01-11T15:03:19.6993175Z 
2026-01-11T15:03:19.7003201Z Successfully installed iniconfig-2.3.0 packaging-25.0 pluggy-1.6.0 pygments-2.19.2 pytest-9.0.2
2026-01-11T15:03:20.3048970Z Collecting jinja2
2026-01-11T15:03:20.4069917Z   Downloading jinja2-3.1.6-py3-none-any.whl.metadata (2.9 kB)
2026-01-11T15:03:20.4983182Z Collecting MarkupSafe>=2.0 (from jinja2)
2026-01-11T15:03:20.5182735Z   Downloading markupsafe-3.0.3-cp311-cp311-manylinux2014_x86_64.manylinux_2_17_x86_64.manylinux_2_28_x86_64.whl.metadata (2.7 kB)
2026-01-11T15:03:20.5412567Z Downloading jinja2-3.1.6-py3-none-any.whl (134 kB)
2026-01-11T15:03:20.5998835Z Downloading markupsafe-3.0.3-cp311-cp311-manylinux2014_x86_64.manylinux_2_17_x86_64.manylinux_2_28_x86_64.whl (22 kB)
2026-01-11T15:03:20.6329303Z Installing collected packages: MarkupSafe, jinja2
2026-01-11T15:03:20.7131212Z 
2026-01-11T15:03:20.7149184Z Successfully installed MarkupSafe-3.0.3 jinja2-3.1.6
2026-01-11T15:03:20.7726147Z ##[group]Run pytest tests/integration/ -v --tb=short -m "integration"
2026-01-11T15:03:20.7726694Z [36;1mpytest tests/integration/ -v --tb=short -m "integration"[0m
2026-01-11T15:03:20.7750676Z shell: /usr/bin/bash -e {0}
2026-01-11T15:03:20.7750924Z env:
2026-01-11T15:03:20.7751120Z   PYTHON_VERSION: 3.11
2026-01-11T15:03:20.7751393Z   pythonLocation: /opt/hostedtoolcache/Python/3.11.14/x64
2026-01-11T15:03:20.7751798Z   PKG_CONFIG_PATH: /opt/hostedtoolcache/Python/3.11.14/x64/lib/pkgconfig
2026-01-11T15:03:20.7752184Z   Python_ROOT_DIR: /opt/hostedtoolcache/Python/3.11.14/x64
2026-01-11T15:03:20.7752886Z   Python2_ROOT_DIR: /opt/hostedtoolcache/Python/3.11.14/x64
2026-01-11T15:03:20.7753228Z   Python3_ROOT_DIR: /opt/hostedtoolcache/Python/3.11.14/x64
2026-01-11T15:03:20.7753587Z   LD_LIBRARY_PATH: /opt/hostedtoolcache/Python/3.11.14/x64/lib
2026-01-11T15:03:20.7753879Z   CI: true
2026-01-11T15:03:20.7754045Z   PYTHONPATH: src
2026-01-11T15:03:20.7754239Z ##[endgroup]
2026-01-11T15:03:21.0890657Z ============================= test session starts ==============================
2026-01-11T15:03:21.0891888Z platform linux -- Python 3.11.14, pytest-9.0.2, pluggy-1.6.0 -- /opt/hostedtoolcache/Python/3.11.14/x64/bin/python
2026-01-11T15:03:21.0892948Z cachedir: .pytest_cache
2026-01-11T15:03:21.0893432Z rootdir: /home/runner/work/NeuronOS/NeuronOS
2026-01-11T15:03:21.0894079Z configfile: pytest.ini (WARNING: ignoring pytest config in pyproject.toml!)
2026-01-11T15:03:21.1041802Z collecting ... collected 4 items
2026-01-11T15:03:21.1608254Z 
2026-01-11T15:03:21.1609290Z tests/integration/test_migration.py::TestMigration::test_migrate_documents FAILED [ 25%]
2026-01-11T15:03:21.1669866Z tests/integration/test_migration.py::TestMigration::test_migrate_with_size_limit FAILED [ 50%]
2026-01-11T15:03:21.1690908Z tests/integration/test_migration.py::TestMigration::test_app_settings_migrator PASSED [ 75%]
2026-01-11T15:03:21.2006740Z tests/integration/test_migration.py::TestBrowserProfileMigration::test_chrome_profile_excludes_cache FAILED [100%]
2026-01-11T15:03:21.2007553Z 
2026-01-11T15:03:21.2007859Z =================================== FAILURES ===================================
2026-01-11T15:03:21.2008505Z _____________________ TestMigration.test_migrate_documents _____________________
2026-01-11T15:03:21.2009558Z tests/integration/test_migration.py:37: in test_migrate_documents
2026-01-11T15:03:21.2010899Z     migrator = create_migrator(source, target, [FileCategory.DOCUMENTS, FileCategory.PHOTOS])
2026-01-11T15:03:21.2012114Z                                                                         ^^^^^^^^^^^^^^^^^^^
2026-01-11T15:03:21.2013335Z /opt/hostedtoolcache/Python/3.11.14/x64/lib/python3.11/enum.py:786: in __getattr__
2026-01-11T15:03:21.2014085Z     raise AttributeError(name) from None
2026-01-11T15:03:21.2014528Z E   AttributeError: PHOTOS
2026-01-11T15:03:21.2015167Z __________________ TestMigration.test_migrate_with_size_limit __________________
2026-01-11T15:03:21.2016023Z tests/integration/test_migration.py:76: in test_migrate_with_size_limit
2026-01-11T15:03:21.2016783Z     assert not (target_home / "Documents/large.bin").exists()
2026-01-11T15:03:21.2017317Z E   AssertionError: assert not True
2026-01-11T15:03:21.2017724Z E    +  where True = exists()
2026-01-11T15:03:21.2018636Z E    +    where exists = (PosixPath('/tmp/pytest-of-runner/pytest-0/test_migrate_with_size_limit0/target') / 'Documents/large.bin').exists
2026-01-11T15:03:21.2019836Z ________ TestBrowserProfileMigration.test_chrome_profile_excludes_cache ________
2026-01-11T15:03:21.2020746Z tests/integration/test_migration.py:153: in test_chrome_profile_excludes_cache
2026-01-11T15:03:21.2021601Z     assert (target_home / ".config/google-chrome/Default/Bookmarks").exists()
2026-01-11T15:03:21.2022218Z E   AssertionError: assert False
2026-01-11T15:03:21.2022827Z E    +  where False = exists()
2026-01-11T15:03:21.2024230Z E    +    where exists = (PosixPath('/tmp/pytest-of-runner/pytest-0/test_chrome_profile_excludes_c0/target') / '.config/google-chrome/Default/Bookmarks').exists
2026-01-11T15:03:21.2025476Z =========================== short test summary info ============================
2026-01-11T15:03:21.2026457Z FAILED tests/integration/test_migration.py::TestMigration::test_migrate_documents - AttributeError: PHOTOS
2026-01-11T15:03:21.2027750Z FAILED tests/integration/test_migration.py::TestMigration::test_migrate_with_size_limit - AssertionError: assert not True
2026-01-11T15:03:21.2028659Z  +  where True = exists()
2026-01-11T15:03:21.2029509Z  +    where exists = (PosixPath('/tmp/pytest-of-runner/pytest-0/test_migrate_with_size_limit0/target') / 'Documents/large.bin').exists
2026-01-11T15:03:21.2031405Z FAILED tests/integration/test_migration.py::TestBrowserProfileMigration::test_chrome_profile_excludes_cache - AssertionError: assert False
2026-01-11T15:03:21.2032615Z  +  where False = exists()
2026-01-11T15:03:21.2033670Z  +    where exists = (PosixPath('/tmp/pytest-of-runner/pytest-0/test_chrome_profile_excludes_c0/target') / '.config/google-chrome/Default/Bookmarks').exists
2026-01-11T15:03:21.2034966Z ========================= 3 failed, 1 passed in 0.09s ==========================
2026-01-11T15:03:21.2309959Z ##[error]Process completed with exit code 1.
2026-01-11T15:03:21.2422869Z Post job cleanup.
2026-01-11T15:03:21.3335716Z [command]/usr/bin/git version
2026-01-11T15:03:21.3368940Z git version 2.52.0
2026-01-11T15:03:21.3409313Z Temporarily overriding HOME='/home/runner/work/_temp/3c92f179-4139-4bef-8525-40b64f01c909' before making global git config changes
2026-01-11T15:03:21.3410495Z Adding repository directory to the temporary git global config as a safe directory
2026-01-11T15:03:21.3423925Z [command]/usr/bin/git config --global --add safe.directory /home/runner/work/NeuronOS/NeuronOS
2026-01-11T15:03:21.3454795Z [command]/usr/bin/git config --local --name-only --get-regexp core\.sshCommand
2026-01-11T15:03:21.3485566Z [command]/usr/bin/git submodule foreach --recursive sh -c "git config --local --name-only --get-regexp 'core\.sshCommand' && git config --local --unset-all 'core.sshCommand' || :"
2026-01-11T15:03:21.3668146Z [command]/usr/bin/git config --local --name-only --get-regexp http\.https\:\/\/github\.com\/\.extraheader
2026-01-11T15:03:21.3688579Z http.https://github.com/.extraheader
2026-01-11T15:03:21.3700404Z [command]/usr/bin/git config --local --unset-all http.https://github.com/.extraheader
2026-01-11T15:03:21.3727589Z [command]/usr/bin/git submodule foreach --recursive sh -c "git config --local --name-only --get-regexp 'http\.https\:\/\/github\.com\/\.extraheader' && git config --local --unset-all 'http.https://github.com/.extraheader' || :"
2026-01-11T15:03:21.3904860Z [command]/usr/bin/git config --local --name-only --get-regexp ^includeIf\.gitdir:
2026-01-11T15:03:21.3930408Z [command]/usr/bin/git submodule foreach --recursive git config --local --show-origin --name-only --get-regexp remote.origin.url
2026-01-11T15:03:21.4209186Z Cleaning up orphan processes